===================================================================

     MT7621   stage1 code 10:33:11 (ASIC)

     CPU=50000000 HZ BUS=16666666 HZ

==================================================================

Change MPLL source from XTAL to CR...

do MEMPLL setting..

MEMPLL Config : 0x11100000

3PLL mode + External loopback

=== XTAL-40Mhz === DDR-1200Mhz ===

PLL2 FB_DL: 0xa, 1/0 = 544/480 29000000

PLL3 FB_DL: 0xa, 1/0 = 571/453 29000000

PLL4 FB_DL: 0x12, 1/0 = 600/424 49000000

do DDR setting..[00320381]

Apply DDR3 Setting...(use customer AC)

          0    8   16   24   32   40   48   56   64   72   80   88   96  104  112  120

      --------------------------------------------------------------------------------

0000:|    0    0    0    0    0    0    0    0    0    0    0    0    0    0    0    0

0001:|    0    0    0    0    0    0    0    0    0    0    0    0    0    0    0    0

0002:|    0    0    0    0    0    0    0    0    0    0    0    0    0    0    0    0

0003:|    0    0    0    0    0    0    0    0    0    0    0    0    0    0    0    0

0004:|    0    0    0    0    0    0    0    0    0    0    0    0    0    0    0    0

0005:|    0    0    0    0    0    0    0    0    0    0    0    0    0    0    0    0

0006:|    0    0    0    0    0    0    0    0    0    0    0    0    0    0    0    0

0007:|    0    0    0    0    0    0    0    0    0    0    0    0    0    0    0    0

0008:|    0    0    0    0    0    0    0    0    0    0    0    0    0    0    0    0

0009:|    0    0    0    0    0    0    0    0    0    0    0    0    0    0    0    0

000A:|    0    0    0    0    0    0    0    0    0    0    0    0    0    0    0    0

000B:|    0    0    0    0    0    0    0    0    0    0    0    0    0    0    0    0

000C:|    0    0    0    0    0    0    0    0    0    0    0    0    0    0    0    0

000D:|    0    0    0    0    0    0    0    0    0    0    0    0    0    0    0    1

000E:|    0    0    0    0    0    0    0    0    0    1    1    1    1    1    1    1

000F:|    0    0    0    0    1    1    1    1    1    1    1    1    1    1    1    0

0010:|    1    1    1    1    1    1    1    1    1    0    0    0    0    0    0    0

0011:|    1    1    1    0    0    0    0    0    0    0    0    0    0    0    0    0

0012:|    0    0    0    0    0    0    0    0    0    0    0    0    0    0    0    0

0013:|    0    0    0    0    0    0    0    0    0    0    0    0    0    0    0    0

0014:|    0    0    0    0    0    0    0    0    0    0    0    0    0    0    0    0

0015:|    0    0    0    0    0    0    0    0    0    0    0    0    0    0    0    0

0016:|    0    0    0    0    0    0    0    0    0    0    0    0    0    0    0    0

0017:|    0    0    0    0    0    0    0    0    0    0    0    0    0    0    0    0

0018:|    0    0    0    0    0    0    0    0    0    0    0    0    0    0    0    0

0019:|    0    0    0    0    0    0    0    0    0    0    0    0    0    0    0    0

001A:|    0    0    0    0    0    0    0    0    0    0    0    0    0    0    0    0

001B:|    0    0    0    0    0    0    0    0    0    0    0    0    0    0    0    0

001C:|    0    0    0    0    0    0    0    0    0    0    0    0    0    0    0    0

001D:|    0    0    0    0    0    0    0    0    0    0    0    0    0    0    0    0

001E:|    0    0    0    0    0    0    0    0    0    0    0    0    0    0    0    0

001F:|    0    0    0    0    0    0    0    0    0    0    0    0    0    1    0    0

rank 0 coarse = 15

rank 0 fine = 72

B:|    0    0    0    0    0    0    0    1    1    1    0    0    0    0    0    0

opt_dle value:8

DRAMC_R0DELDLY[018]=00002021

==================================================================

RXDQS perbit delay software calibration 

==================================================================

1.0-15 bit dq delay value

==================================================================

bit|     0  1  2  3  4  5  6  7  8  9

--------------------------------------

0 |    11 7 10 8 10 7 11 5 1 8 

10 |    4 11 6 10 3 8 

--------------------------------------



==================================================================

2.dqs window

x=pass dqs delay value (min~max)center 

y=0-7bit DQ of every group

input delay:DQS0 =33 DQS1 = 32

==================================================================

bitDQS0 bit      DQS1

0  (1~62)31  8  (1~58)29

1  (1~58)29  9  (1~57)29

2  (0~62)31  10  (1~62)31

3  (0~60)30  11  (1~58)29

4  (1~61)31  12  (1~62)31

5  (1~62)31  13  (1~60)30

6  (1~64)32  14  (1~64)32

7  (1~65)33  15  (0~58)29

==================================================================

3.dq delay value last

==================================================================

bit|    0  1  2  3  4  5  6  7  8   9

--------------------------------------

0 |    13 11 12 11 12 9 12 5 4 11 

10 |    5 14 7 12 3 11 

==================================================================

==================================================================

     TX  perbyte calibration 

==================================================================

DQS loop = 15, cmp_err_1 = ffff0000 

dqs_perbyte_dly.last_dqsdly_pass[0]=15,  finish count=1 

dqs_perbyte_dly.last_dqsdly_pass[1]=15,  finish count=2 

DQ loop=15, cmp_err_1 = ffff0000

dqs_perbyte_dly.last_dqdly_pass[0]=15,  finish count=1 

dqs_perbyte_dly.last_dqdly_pass[1]=15,  finish count=2 

byte:0, (DQS,DQ)=(8,8)

byte:1, (DQS,DQ)=(8,8)

20,data:88

[EMI] DRAMC calibration passed




===================================================================

     MT7621   stage1 code done 

     CPU=50000000 HZ BUS=16666666 HZ

===================================================================



U-Boot 1.1.3 (Aug 22 2018 - 14:51:38)


Board: Ralink APSoC DRAM:  128 MB

relocate_code Pointer at: 87fa8000


Config XHCI 40M PLL 

Allocate 16 byte aligned buffer: 87fdeeb0

Enable NFI Clock

# MTK NAND # : Use HW ECC

NAND ID [C2 F1 80 95 02]

Device found in MTK table, ID: c2f1, EXT_ID: 809502

Support this Device in MTK table! c2f1 

select_chip

[NAND]select ecc bit:4, sparesize :64 spare_per_sector=16

Signature matched and data read!

load_fact_bbt success 1023

load fact bbt success

[mtk_nand] probe successfully!

mtd->writesize=2048 mtd->oobsize=64,mtd->erasesize=131072  devinfo.iowidth=8

.*** Warning - bad CRC, using default environment


============================================ 

Ralink UBoot Version: 5.0.0.0

-------------------------------------------- 

ASIC MT7621A DualCore (MAC to MT7530 Mode)

DRAM_CONF_FROM: Auto-Detection 

DRAM_TYPE: DDR3 

DRAM bus: 16 bit

Xtal Mode=3 OCP Ratio=1/3

Flash component: NAND Flash

Date:Aug 22 2018  Time:14:51:38

============================================ 

icache: sets:256, ways:4, linesz:32 ,total:32768

dcache: sets:256, ways:4, linesz:32 ,total:32768 


 ##### The CPU freq = 880 MHZ #### 

 estimate memory size =128 Mbytes

#Reset_MT7530

set LAN/WAN LLLLW


..

Please choose the operation: 

   1: Load system code to SDRAM via TFTP. 

   2: Load system code then write to Flash via TFTP. 

   3: Boot system code via Flash (default).

   4: Entr boot command line interface.

   7: Load Boot Loader code then write to Flash via Serial. 

   9: Load Boot Loader code then write to Flash via TFTP. 

default: 3

 1  0 


******************************************

    Uboot StandAlone Entry

******************************************

SC_DEBUG: Nand Partition Table Magic Found at 100000.

..


***************************************************


    Sercomm Boot Version 1.3.0.0, at Aug 22 2018, 14:51:35




***************************************************


Entering Firmware : Everything is OK.


Enter NMRP_main


0x0000:XX XX XX XX XX XX  

Trying Eth0 (10/100-M)


 Waitting for RX_DMA_BUSY status Start... done



 ETH_STATE_ACTIVE!! 

Our ETH MAC:


0x0000:XX XX XX XX XX XX  

NMRP_FLASH_SIZE_buffer --> 03000000.

NMRP:LISTENING

Enter NMRP_handle_LISTENING_state

### No NMRP Server found ###

check upgrade flag

read flag_offs 05400000 flag value 0xff

   

3: System Boot system code via Flash.


0xbc200000     0xbc000000         0x200000



CLOSE ETH

Clear Memory

## Booting image at bc200000 ...

   Image Name:   MIPS OpenWrt Linux-5.4.124

   Image Type:   MIPS Linux Kernel Image (uncompressed)

   Data Size:    2357466 Bytes =  2.2 MB

   Load Address: 80001000

   Entry Point:  80001000

....................................   Verifying Checksum ... OK

OK

No initrd

## Transferring control to Linux (at address 80001000) ...

## Giving linux memsize in MB, 128


Starting kernel ...




OpenWrt kernel loader for MIPS based SoC

Copyright (C) 2011 Gabor Juhos <juhosg@openwrt.org>

Decompressing kernel... done!

Starting kernel at 80001000...


[    0.000000] Linux version 5.4.124 (builder@buildhost) (gcc version 8.4.0 (OpenWrt GCC 8.4.0 r16172-2aba3e9784)) #0 SMP Sun Jun 13 22:02:19 2021
[    0.000000] SoC Type: MediaTek MT7621 ver:1 eco:3
[    0.000000] printk: bootconsole [early0] enabled
[    0.000000] CPU0 revision is: 0001992f (MIPS 1004Kc)
[    0.000000] MIPS: machine is Netgear R6260
[    0.000000] Initrd not found or empty - disabling initrd
[    0.000000] VPE topology {2,2} total 4
[    0.000000] Primary instruction cache 32kB, VIPT, 4-way, linesize 32 bytes.
[    0.000000] Primary data cache 32kB, 4-way, PIPT, no aliases, linesize 32 bytes
[    0.000000] MIPS secondary cache 256kB, 8-way, linesize 32 bytes.
[    0.000000] Zone ranges:
[    0.000000]   Normal   [mem 0x0000000000000000-0x0000000007ffffff]
[    0.000000]   HighMem  empty
[    0.000000] Movable zone start for each node
[    0.000000] Early memory node ranges
[    0.000000]   node   0: [mem 0x0000000000000000-0x0000000007ffffff]
[    0.000000] Initmem setup node 0 [mem 0x0000000000000000-0x0000000007ffffff]
[    0.000000] percpu: Embedded 14 pages/cpu s26768 r8192 d22384 u57344
[    0.000000] Built 1 zonelists, mobility grouping on.  Total pages: 32480
[    0.000000] Kernel command line: console=ttyS0,57600 rootfstype=squashfs,jffs2
[    0.000000] Dentry cache hash table entries: 16384 (order: 4, 65536 bytes, linear)
[    0.000000] Inode-cache hash table entries: 8192 (order: 3, 32768 bytes, linear)
[    0.000000] Writing ErrCtl register=00000a1d
[    0.000000] Readback ErrCtl register=00000a1d
[    0.000000] mem auto-init: stack:off, heap alloc:off, heap free:off
[    0.000000] Memory: 120964K/131072K available (6062K kernel code, 208K rwdata, 744K rodata, 1292K init, 238K bss, 10108K reserved, 0K cma-reserved, 0K highmem)
[    0.000000] SLUB: HWalign=32, Order=0-3, MinObjects=0, CPUs=4, Nodes=1
[    0.000000] rcu: Hierarchical RCU implementation.
[    0.000000] rcu: RCU calculated value of scheduler-enlistment delay is 25 jiffies.
[    0.000000] NR_IRQS: 256
[    0.000000] random: get_random_bytes called from 0x806dda3c with crng_init=0
[    0.000000] CPU Clock: 880MHz
[    0.000000] clocksource: GIC: mask: 0xffffffffffffffff max_cycles: 0xcaf478abb4, max_idle_ns: 440795247997 ns
[    0.000000] clocksource: MIPS: mask: 0xffffffff max_cycles: 0xffffffff, max_idle_ns: 4343773742 ns
[    0.000008] sched_clock: 32 bits at 440MHz, resolution 2ns, wraps every 4880645118ns
[    0.015496] Calibrating delay loop... 583.68 BogoMIPS (lpj=1167360)
[    0.055821] pid_max: default: 32768 minimum: 301
[    0.065163] Mount-cache hash table entries: 1024 (order: 0, 4096 bytes, linear)
[    0.079566] Mountpoint-cache hash table entries: 1024 (order: 0, 4096 bytes, linear)
[    0.097525] rcu: Hierarchical SRCU implementation.
[    0.107596] smp: Bringing up secondary CPUs ...
[    0.881354] Primary instruction cache 32kB, VIPT, 4-way, linesize 32 bytes.
[    0.881365] Primary data cache 32kB, 4-way, PIPT, no aliases, linesize 32 bytes
[    0.881376] MIPS secondary cache 256kB, 8-way, linesize 32 bytes.
[    0.881472] CPU1 revision is: 0001992f (MIPS 1004Kc)
[    0.144728] Synchronize counters for CPU 1: done.
[    0.972119] Primary instruction cache 32kB, VIPT, 4-way, linesize 32 bytes.
[    0.972128] Primary data cache 32kB, 4-way, PIPT, no aliases, linesize 32 bytes
[    0.972136] MIPS secondary cache 256kB, 8-way, linesize 32 bytes.
[    0.972192] CPU2 revision is: 0001992f (MIPS 1004Kc)
[    0.239109] Synchronize counters for CPU 2: done.
[    1.063454] Primary instruction cache 32kB, VIPT, 4-way, linesize 32 bytes.
[    1.063462] Primary data cache 32kB, 4-way, PIPT, no aliases, linesize 32 bytes
[    1.063471] MIPS secondary cache 256kB, 8-way, linesize 32 bytes.
[    1.063529] CPU3 revision is: 0001992f (MIPS 1004Kc)
[    0.326701] Synchronize counters for CPU 3: done.
[    0.386308] smp: Brought up 1 node, 4 CPUs
[    0.398703] clocksource: jiffies: mask: 0xffffffff max_cycles: 0xffffffff, max_idle_ns: 7645041785100000 ns
[    0.417992] futex hash table entries: 1024 (order: 3, 32768 bytes, linear)
[    0.431821] pinctrl core: initialized pinctrl subsystem
[    0.443737] NET: Registered protocol family 16
[    0.475343] workqueue: max_active 576 requested for napi_workq is out of range, clamping between 1 and 512
[    0.496316] clocksource: Switched to clocksource GIC
[    0.508001] NET: Registered protocol family 2
[    0.516734] IP idents hash table entries: 2048 (order: 2, 16384 bytes, linear)
[    0.531766] tcp_listen_portaddr_hash hash table entries: 512 (order: 0, 6144 bytes, linear)
[    0.548327] TCP established hash table entries: 1024 (order: 0, 4096 bytes, linear)
[    0.563470] TCP bind hash table entries: 1024 (order: 1, 8192 bytes, linear)
[    0.577467] TCP: Hash tables configured (established 1024 bind 1024)
[    0.590208] UDP hash table entries: 256 (order: 1, 8192 bytes, linear)
[    0.603091] UDP-Lite hash table entries: 256 (order: 1, 8192 bytes, linear)
[    0.617192] NET: Registered protocol family 1
[    0.625752] PCI: CLS 0 bytes, default 32
[    0.724277] 4 CPUs re-calibrate udelay(lpj = 1167360)
[    0.735763] workingset: timestamp_bits=14 max_order=15 bucket_order=1
[    0.755587] random: fast init done
[    0.760975] squashfs: version 4.0 (2009/01/31) Phillip Lougher
[    0.773829] jffs2: version 2.2 (NAND) (SUMMARY) (LZMA) (RTIME) (CMODE_PRIORITY) (c) 2001-2006 Red Hat, Inc.
[    0.795001] Block layer SCSI generic (bsg) driver version 0.4 loaded (major 251)
[    0.811518] mt7621_gpio 1e000600.gpio: registering 32 gpios
[    0.822847] mt7621_gpio 1e000600.gpio: registering 32 gpios
[    0.834129] mt7621_gpio 1e000600.gpio: registering 32 gpios
[    0.846028] Serial: 8250/16550 driver, 16 ports, IRQ sharing enabled
[    0.862432] printk: console [ttyS0] disabled
[    0.870894] 1e000c00.uartlite: ttyS0 at MMIO 0x1e000c00 (irq = 19, base_baud = 3125000) is a 16550A
[    0.888819] printk: console [ttyS0] enabled
[    0.888819] printk: console [ttyS0] enabled
[    0.905363] printk: bootconsole [early0] disabled
[    0.905363] printk: bootconsole [early0] disabled
[    0.926619] mt7621-nand 1e003000.nand: Using programmed access timing: 31c07388
[    0.941462] nand: device found, Manufacturer ID: 0xc2, Chip ID: 0xf1
[    0.954127] nand: Macronix MX30LF1G18AC
[    0.961775] nand: 128 MiB, SLC, erase size: 128 KiB, page size: 2048, OOB size: 64
[    0.976857] mt7621-nand 1e003000.nand: ECC strength adjusted to 4 bits
[    0.989889] mt7621-nand 1e003000.nand: Using programmed access timing: 21005134
[    1.004454] mt7621-nand 1e003000.nand: Using programmed access timing: 21005134
[    1.019020] Scanning device for bad blocks
[    2.325115] 7 fixed-partitions partitions found on MTD device mt7621-nand
[    2.338640] Creating 7 MTD partitions on "mt7621-nand":
[    2.349061] 0x000000000000-0x000000100000 : "u-boot"
[    2.360498] 0x000000100000-0x000000200000 : "SC PART_MAP"
[    2.372594] 0x000000200000-0x000000600000 : "kernel"
[    2.383885] 0x000000600000-0x000002e00000 : "ubi"
[    2.394757] 0x000002e00000-0x000004600000 : "reserved0"
[    2.406754] 0x000004600000-0x000004800000 : "factory"
[    2.418099] 0x000004800000-0x000008000000 : "reserved1"
[    2.431569] libphy: Fixed MDIO Bus: probed
[    2.466700] libphy: mdio: probed
[    2.473384] mt7530 mdio-bus:1f: MT7530 adapts as multi-chip module
[    2.489783] mtk_soc_eth 1e100000.ethernet eth0: mediatek frame engine at 0xbe100000, irq 21
[    2.508710] mt7621-pci 1e140000.pcie: Parsing DT failed
[    2.521779] NET: Registered protocol family 10
[    2.532059] Segment Routing with IPv6
[    2.539521] NET: Registered protocol family 17
[    2.548475] bridge: filtering via arp/ip/ip6tables is no longer available by default. Update your scripts to load br_netfilter if you need this.
[    2.574539] 8021q: 802.1Q VLAN Support v1.8
[    2.585424] mt7530 mdio-bus:1f: MT7530 adapts as multi-chip module
[    2.608123] libphy: dsa slave smi: probed
[    2.616623] mt7530 mdio-bus:1f lan4 (uninitialized): PHY [dsa-0.0:00] driver [Generic PHY]
[    2.634503] mt7530 mdio-bus:1f lan3 (uninitialized): PHY [dsa-0.0:01] driver [Generic PHY]
[    2.652507] mt7530 mdio-bus:1f lan2 (uninitialized): PHY [dsa-0.0:02] driver [Generic PHY]
[    2.670415] mt7530 mdio-bus:1f lan1 (uninitialized): PHY [dsa-0.0:03] driver [Generic PHY]
[    2.688390] mt7530 mdio-bus:1f wan (uninitialized): PHY [dsa-0.0:04] driver [Generic PHY]
[    2.706174] mt7530 mdio-bus:1f: configuring for fixed/rgmii link mode
[    2.723799] DSA: tree 0 setup
[    2.730091] rt2880-pinmux pinctrl: pcie is already enabled
[    2.741060] mt7621-pci 1e140000.pcie: Error applying setting, reverse things back
[    2.756134] mt7621-pci-phy 1e149000.pcie-phy: PHY for 0xbe149000 (dual port = 1)
[    2.771062] mt7621-pci-phy 1e14a000.pcie-phy: PHY for 0xbe14a000 (dual port = 0)
[    2.885933] mt7621-pci-phy 1e149000.pcie-phy: Xtal is 40MHz
[    2.897053] mt7621-pci-phy 1e14a000.pcie-phy: Xtal is 40MHz
[    3.008199] mt7621-pci 1e140000.pcie: pcie2 no card, disable it (RST & CLK)
[    3.022076] mt7621-pci 1e140000.pcie: PCIE0 enabled
[    3.031792] mt7621-pci 1e140000.pcie: PCIE1 enabled
[    3.041519] mt7621-pci 1e140000.pcie: PCI coherence region base: 0x60000000, mask/settings: 0xf0000002
[    3.060241] mt7621-pci 1e140000.pcie: PCI host bridge to bus 0000:00
[    3.072937] pci_bus 0000:00: root bus resource [io  0x1e160000-0x1e16ffff]
[    3.086637] pci_bus 0000:00: root bus resource [mem 0x60000000-0x6fffffff]
[    3.100341] pci_bus 0000:00: root bus resource [bus 00-ff]
[    3.111308] pci 0000:00:00.0: [0e8d:0801] type 01 class 0x060400
[    3.123316] pci 0000:00:00.0: reg 0x10: [mem 0x00000000-0x7fffffff]
[    3.135810] pci 0000:00:00.0: reg 0x14: [mem 0x00000000-0x0000ffff]
[    3.148374] pci 0000:00:00.0: supports D1
[    3.156363] pci 0000:00:00.0: PME# supported from D0 D1 D3hot
[    3.168214] pci 0000:00:01.0: [0e8d:0801] type 01 class 0x060400
[    3.180229] pci 0000:00:01.0: reg 0x10: [mem 0x00000000-0x7fffffff]
[    3.192727] pci 0000:00:01.0: reg 0x14: [mem 0x00000000-0x0000ffff]
[    3.205276] pci 0000:00:01.0: supports D1
[    3.213267] pci 0000:00:01.0: PME# supported from D0 D1 D3hot
[    3.226118] pci 0000:00:00.0: bridge configuration invalid ([bus 00-00]), reconfiguring
[    3.242091] pci 0000:00:01.0: bridge configuration invalid ([bus 00-00]), reconfiguring
[    3.258266] pci 0000:01:00.0: [14c3:7615] type 00 class 0x000280
[    3.270298] pci 0000:01:00.0: reg 0x10: [mem 0x00000000-0x000fffff 64bit]
[    3.283988] pci 0000:01:00.0: 2.000 Gb/s available PCIe bandwidth, limited by 2.5 GT/s x1 link at 0000:00:00.0 (capable of 4.000 Gb/s with 5 GT/s x1 link)
[    3.312978] pci 0000:00:00.0: PCI bridge to [bus 01-ff]
[    3.323400] pci 0000:00:00.0:   bridge window [io  0x0000-0x0fff]
[    3.335546] pci 0000:00:00.0:   bridge window [mem 0x00000000-0x000fffff]
[    3.349078] pci 0000:00:00.0:   bridge window [mem 0x00000000-0x000fffff pref]
[    3.363473] pci_bus 0000:01: busn_res: [bus 01-ff] end is updated to 01
[    3.376892] pci 0000:02:00.0: [14c3:7603] type 00 class 0x028000
[    3.388931] pci 0000:02:00.0: reg 0x10: [mem 0x00000000-0x000fffff]
[    3.401557] pci 0000:02:00.0: PME# supported from D0 D3hot D3cold
[    3.415132] pci 0000:00:01.0: PCI bridge to [bus 02-ff]
[    3.425570] pci 0000:00:01.0:   bridge window [io  0x0000-0x0fff]
[    3.437716] pci 0000:00:01.0:   bridge window [mem 0x00000000-0x000fffff]
[    3.451243] pci 0000:00:01.0:   bridge window [mem 0x00000000-0x000fffff pref]
[    3.465641] pci_bus 0000:02: busn_res: [bus 02-ff] end is updated to 02
[    3.478867] pci 0000:00:00.0: BAR 0: no space for [mem size 0x80000000]
[    3.492048] pci 0000:00:00.0: BAR 0: failed to assign [mem size 0x80000000]
[    3.505926] pci 0000:00:01.0: BAR 0: no space for [mem size 0x80000000]
[    3.519112] pci 0000:00:01.0: BAR 0: failed to assign [mem size 0x80000000]
[    3.532991] pci 0000:00:00.0: BAR 8: assigned [mem 0x60000000-0x600fffff]
[    3.546522] pci 0000:00:00.0: BAR 9: assigned [mem 0x60100000-0x601fffff pref]
[    3.560920] pci 0000:00:01.0: BAR 8: assigned [mem 0x60200000-0x602fffff]
[    3.574449] pci 0000:00:01.0: BAR 9: assigned [mem 0x60300000-0x603fffff pref]
[    3.588846] pci 0000:00:00.0: BAR 1: assigned [mem 0x60400000-0x6040ffff]
[    3.602381] pci 0000:00:01.0: BAR 1: assigned [mem 0x60410000-0x6041ffff]
[    3.615913] pci 0000:00:00.0: BAR 7: assigned [io  0x1e160000-0x1e160fff]
[    3.629447] pci 0000:00:01.0: BAR 7: assigned [io  0x1e161000-0x1e161fff]
[    3.642986] pci 0000:01:00.0: BAR 0: assigned [mem 0x60000000-0x600fffff 64bit]
[    3.657571] pci 0000:00:00.0: PCI bridge to [bus 01]
[    3.667464] pci 0000:00:00.0:   bridge window [io  0x1e160000-0x1e160fff]
[    3.680996] pci 0000:00:00.0:   bridge window [mem 0x60000000-0x600fffff]
[    3.694523] pci 0000:00:00.0:   bridge window [mem 0x60100000-0x601fffff pref]
[    3.708926] pci 0000:02:00.0: BAR 0: assigned [mem 0x60200000-0x602fffff]
[    3.722456] pci 0000:00:01.0: PCI bridge to [bus 02]
[    3.732352] pci 0000:00:01.0:   bridge window [io  0x1e161000-0x1e161fff]
[    3.745878] pci 0000:00:01.0:   bridge window [mem 0x60200000-0x602fffff]
[    3.759405] pci 0000:00:01.0:   bridge window [mem 0x60300000-0x603fffff pref]
[    3.775163] UBI: auto-attach mtd3
[    3.781826] ubi0: attaching mtd3
[    3.788706] mt7530 mdio-bus:1f: Link is Up - 1Gbps/Full - flow control off
[    3.833420] UBI: EOF marker found, PEBs from 33 will be erased
[    3.845343] ubi0: scanning is finished
[    3.892025] ubi0: volume 1 ("rootfs_data") re-sized from 9 to 265 LEBs
[    3.905937] ubi0: attached mtd3 (name "ubi", size 40 MiB)
[    3.916735] ubi0: PEB size: 131072 bytes (128 KiB), LEB size: 126976 bytes
[    3.930431] ubi0: min./max. I/O unit sizes: 2048/2048, sub-page size 2048
[    3.943952] ubi0: VID header offset: 2048 (aligned 2048), data offset: 4096
[    3.957823] ubi0: good PEBs: 320, bad PEBs: 0, corrupted PEBs: 0
[    3.969795] ubi0: user volume: 2, internal volumes: 1, max. volumes count: 128
[    3.984183] ubi0: max/mean erase counter: 1/0, WL threshold: 4096, image sequence number: 1623621739
[    4.002380] ubi0: available PEBs: 0, total reserved PEBs: 320, PEBs reserved for bad PEB handling: 20
[    4.020780] ubi0: background thread "ubi_bgt0d" started, PID 487
[    4.023130] block ubiblock0_0: created from ubi0:0(rootfs)
[    4.043783] ubiblock: device ubiblock0_0 (rootfs) set to be root filesystem
[    4.057695] hctosys: unable to open rtc device (rtc0)
[    4.084717] VFS: Mounted root (squashfs filesystem) readonly on device 254:0.
[    4.104656] Freeing unused kernel memory: 1292K
[    4.113721] This architecture does not have kernel memory protection.
[    4.126573] Run /sbin/init as init process
[    4.691229] init: Console is alive
[    4.698284] init: - watchdog -
[    5.484539] kmodloader: loading kernel modules from /etc/modules-boot.d/*
[    5.585866] usbcore: registered new interface driver usbfs
[    5.596927] usbcore: registered new interface driver hub
[    5.607630] usbcore: registered new device driver usb
[    5.627204] xhci-mtk 1e1c0000.xhci: 1e1c0000.xhci supply vusb33 not found, using dummy regulator
[    5.645004] xhci-mtk 1e1c0000.xhci: xHCI Host Controller
[    5.655631] xhci-mtk 1e1c0000.xhci: new USB bus registered, assigned bus number 1
[    5.676503] xhci-mtk 1e1c0000.xhci: hcc params 0x01401198 hci version 0x96 quirks 0x0000000000290010
[    5.694783] xhci-mtk 1e1c0000.xhci: irq 20, io mem 0x1e1c0000
[    5.707541] hub 1-0:1.0: USB hub found
[    5.715138] hub 1-0:1.0: 2 ports detected
[    5.723833] xhci-mtk 1e1c0000.xhci: xHCI Host Controller
[    5.734462] xhci-mtk 1e1c0000.xhci: new USB bus registered, assigned bus number 2
[    5.749390] xhci-mtk 1e1c0000.xhci: Host supports USB 3.0 SuperSpeed
[    5.762275] usb usb2: We don't know the algorithms for LPM for this host, disabling LPM.
[    5.779288] hub 2-0:1.0: USB hub found
[    5.786852] hub 2-0:1.0: 1 port detected
[    5.800102] kmodloader: done loading kernel modules from /etc/modules-boot.d/*
[    5.820642] init: - preinit -
[    6.480991] mtk_soc_eth 1e100000.ethernet eth0: configuring for fixed/rgmii link mode
[    6.497082] mtk_soc_eth 1e100000.ethernet eth0: Link is Up - 1Gbps/Full - flow control rx/tx
[    6.513952] IPv6: ADDRCONF(NETDEV_CHANGE): eth0: link becomes ready
[    6.668488] random: jshn: uninitialized urandom read (4 bytes read)
[    6.739309] random: jshn: uninitialized urandom read (4 bytes read)
[    6.789231] random: jshn: uninitialized urandom read (4 bytes read)
Press the [f] key and hit [enter] to enter failsafe mode
Press the [1], [2], [3] or [4] key and hit [enter] to select the debug level
[   10.177931] UBIFS (ubi0:1): default file-system created
[   10.189703] UBIFS (ubi0:1): Mounting in unauthenticated mode
[   10.201200] UBIFS (ubi0:1): background thread "ubifs_bgt0_1" started, PID 617
[   10.325078] UBIFS (ubi0:1): UBIFS: mounted UBI device 0, volume 1, name "rootfs_data"
[   10.340705] UBIFS (ubi0:1): LEB size: 126976 bytes (124 KiB), min./max. I/O unit sizes: 2048 bytes/2048 bytes
[   10.360461] UBIFS (ubi0:1): FS size: 32378880 bytes (30 MiB, 255 LEBs), journal size 1650688 bytes (1 MiB, 13 LEBs)
[   10.381239] UBIFS (ubi0:1): reserved for root: 1529334 bytes (1493 KiB)
[   10.394412] UBIFS (ubi0:1): media format: w5/r0 (latest is w5/r0), UUID 6B83C9B7-CDD2-45B5-9C91-13916710B431, small LPT model
[   10.419985] mount_root: overlay filesystem has not been fully initialized yet
[   10.434673] mount_root: switching to ubifs overlay
[   10.450736] urandom-seed: Seed file not found (/etc/urandom.seed)
[   10.521578] procd: - early -
[   10.527431] procd: - watchdog -
[   11.124481] procd: - watchdog -
[   11.131367] procd: - ubus -
[   11.300341] procd: - init -
Please press Enter to activate this console.
[   11.866837] kmodloader: loading kernel modules from /etc/modules.d/*
[   11.892697] Loading modules backported from Linux version v5.10.42-0-g65859eca4dff
[   11.907911] Backport generated by backports.git v5.10.42-1-0-gbee5c545
[   11.939446] xt_time: kernel timezone is -0000
[   11.995512] mt7621-pci 1e140000.pcie: bus=2 slot=1 irq=24
[   12.006369] pci 0000:00:01.0: enabling device (0004 -> 0007)
[   12.017658] mt7603e 0000:02:00.0: enabling device (0000 -> 0002)
[   12.029828] mt7603e 0000:02:00.0: ASIC revision: 76030010
[   12.048198] urngd: v1.0.2 started.
[   12.192801] random: crng init done
[   12.199587] random: 7 urandom warning(s) missed due to ratelimiting
[   12.661552] mt7603e 0000:02:00.0: Firmware Version: ap_pcie
[   12.672683] mt7603e 0000:02:00.0: Build Time: 20160107100755
[   12.708304] mt7603e 0000:02:00.0: firmware init done
[   12.908553] mt7621-pci 1e140000.pcie: bus=1 slot=0 irq=23
[   12.919448] pci 0000:00:00.0: enabling device (0004 -> 0007)
[   12.930768] mt7615e 0000:01:00.0: enabling device (0000 -> 0002)
[   12.977000] PPP generic driver version 2.4.2
[   12.986931] NET: Registered protocol family 24
[   13.013337] kmodloader: done loading kernel modules from /etc/modules.d/*
[   13.072345] mt7615e 0000:01:00.0: HW/SW Version: 0x8a108a10, Build Time: 20180518100604a
[   13.072345] 
[   13.406918] mt7615e 0000:01:00.0: N9 Firmware Version: _reserved_, Build Time: 20200814163649
[   13.457696] mt7615e 0000:01:00.0: CR4 Firmware Version: _reserved_, Build Time: 20190121161307
[   28.869982] mtk_soc_eth 1e100000.ethernet eth0: Link is Down
[   28.893673] mtk_soc_eth 1e100000.ethernet eth0: configuring for fixed/rgmii link mode
[   28.910116] mtk_soc_eth 1e100000.ethernet eth0: Link is Up - 1Gbps/Full - flow control rx/tx
[   28.927404] IPv6: ADDRCONF(NETDEV_CHANGE): eth0: link becomes ready
[   28.944190] mt7530 mdio-bus:1f lan1: configuring for phy/gmii link mode
[   28.958261] 8021q: adding VLAN 0 to HW filter on device lan1
[   28.973649] br-lan: port 1(lan1) entered blocking state
[   28.984140] br-lan: port 1(lan1) entered disabled state
[   28.996395] device lan1 entered promiscuous mode
[   29.005656] device eth0 entered promiscuous mode
[   29.045124] mt7530 mdio-bus:1f lan2: configuring for phy/gmii link mode
[   29.059041] 8021q: adding VLAN 0 to HW filter on device lan2
[   29.074341] br-lan: port 2(lan2) entered blocking state
[   29.084881] br-lan: port 2(lan2) entered disabled state
[   29.097302] device lan2 entered promiscuous mode
[   29.118330] mt7530 mdio-bus:1f lan3: configuring for phy/gmii link mode
[   29.132188] 8021q: adding VLAN 0 to HW filter on device lan3
[   29.147403] br-lan: port 3(lan3) entered blocking state
[   29.157912] br-lan: port 3(lan3) entered disabled state
[   29.169685] device lan3 entered promiscuous mode
[   29.190820] mt7530 mdio-bus:1f lan4: configuring for phy/gmii link mode
[   29.204948] 8021q: adding VLAN 0 to HW filter on device lan4
[   29.219773] br-lan: port 4(lan4) entered blocking state
[   29.230299] br-lan: port 4(lan4) entered disabled state
[   29.242889] device lan4 entered promiscuous mode
[   29.274762] mt7530 mdio-bus:1f wan: configuring for phy/gmii link mode
[   29.288513] 8021q: adding VLAN 0 to HW filter on device wan
[   33.064808] mt7530 mdio-bus:1f lan1: Link is Up - 1Gbps/Full - flow control rx/tx
[   33.079780] br-lan: port 1(lan1) entered blocking state
[   33.090238] br-lan: port 1(lan1) entered forwarding state
[   33.101931] IPv6: ADDRCONF(NETDEV_CHANGE): br-lan: link becomes ready
